Building DAG of jobs...
Using shell: /usr/bin/bash
Provided cores: 1 (use --cores to define parallelism)
Rules claiming more threads will be scaled down.
Job stats:
job                 count    min threads    max threads
----------------  -------  -------------  -------------
accuracy_summary        1              1              1
total                   1              1              1

Select jobs to execute...

[Fri Apr 25 21:18:11 2025]
rule accuracy_summary:
    input: /home/linhuanyu/share1/20_AS3/results/inference/ArchaicSeeker3.1/existing_as3_1_accuracy_files.txt
    output: /home/linhuanyu/share1/20_AS3/results/inference/ArchaicSeeker3.1/AS3_Mamba_Smoother_4096_2048_5216_2src_accuracy.txt
    jobid: 0
    reason: Missing output files: /home/linhuanyu/share1/20_AS3/results/inference/ArchaicSeeker3.1/AS3_Mamba_Smoother_4096_2048_5216_2src_accuracy.txt
    resources: tmpdir=/tmp

[Fri Apr 25 21:19:11 2025]
Finished job 0.
1 of 1 steps (100%) done
Complete log: .snakemake/log/2025-04-25T211808.534057.snakemake.log
