Building DAG of jobs...
Using shell: /usr/bin/bash
Provided cores: 1 (use --cores to define parallelism)
Rules claiming more threads will be scaled down.
Job stats:
job                 count    min threads    max threads
----------------  -------  -------------  -------------
accuracy_summary        1              1              1
total                   1              1              1

Select jobs to execute...

[Sat Apr 26 08:15:53 2025]
rule accuracy_summary:
    input: /home/linhuanyu/share1/20_AS3/results/inference/IBDmix/accuracy_0_list.txt
    output: /home/linhuanyu/share1/20_AS3/results/inference/IBDmix/IBDmix_accuracy.txt
    jobid: 0
    reason: Missing output files: /home/linhuanyu/share1/20_AS3/results/inference/IBDmix/IBDmix_accuracy.txt
    resources: tmpdir=/tmp

[Sat Apr 26 08:21:23 2025]
Finished job 0.
1 of 1 steps (100%) done
Complete log: .snakemake/log/2025-04-26T081551.359048.snakemake.log
